../Core/Src/stm32l0xx_hal_msp.c:65:6:HAL_MspInit	8	static
../Core/Src/stm32l0xx_hal_msp.c:90:6:HAL_I2C_MspInit	32	static
../Core/Src/stm32l0xx_hal_msp.c:127:6:HAL_I2C_MspDeInit	8	static
../Core/Src/stm32l0xx_hal_msp.c:158:6:HAL_TIM_Base_MspInit	0	static
../Core/Src/stm32l0xx_hal_msp.c:175:6:HAL_TIM_MspPostInit	32	static
../Core/Src/stm32l0xx_hal_msp.c:207:6:HAL_TIM_Base_MspDeInit	0	static
../Core/Src/stm32l0xx_hal_msp.c:229:6:HAL_UART_MspInit	40	static
../Core/Src/stm32l0xx_hal_msp.c:289:6:HAL_UART_MspDeInit	8	static
